1                         #chunks_per_line
30.0                      #bits_per_pixel
Image3_640x400_10.ppm     # image name
1.2                       # VDCM_version
config_444_10bpc_30bpp.cfg # Config_file_name
0                         # sliceHeight (0 means no override)
APB                       # PPS in