1                         #chunks_per_line
6.0                       #bits_per_pixel
black_640x480_12.ppm      # image name
1.2                       # VDCM_version
config_444_12bpc_6bpp.cfg # Config_file_name
0                         # sliceHeight (0 means no override)
APB                       # PPS in