1                         #chunks_per_line
18.25                     #bits_per_pixel
Image3_640x400_10.ppm     # image name
1.2                       # VDCM_version
config_444_10bpc_15bpp.cfg # Config_file_name
0                         # sliceHeight (0 means no override)