6                         #chunks_per_line
6.0                       #bits_per_pixel
VesaCTS_636x480_8.ppm     # image name
1.2                       # VDCM_version
config_444_8bpc_6bpp.cfg  # Config_file_name
0                         # sliceHeight (0 means no override)