1                         #chunks_per_line
6.0                       #bits_per_pixel
Image3_640x400_10.ppm     # image name
1.1                       # VDCM_version
config_444_10bpc_6bpp.cfg # Config_file_name
0                         # sliceHeight (0 means no override)
IN_BAND                   # PPS in